; NOTE: Assertions have been autogenerated by utils/update_test_checks.py
; RUN: opt -S < %s | FileCheck %s --check-prefixes=ALL,FIRST
; RUN: opt -S -globalopt < %s | FileCheck %s --check-prefixes=ALL,SECOND
;
; Make sure we use FIRST to check for @sometimes_here as ALL does not work.

define internal void @sometimes_here() {
; FIRST-LABEL: @sometimes_here(
; FIRST-NEXT:    ret void
;
  ret void
}

define void @always_here() {
; ALL-LABEL: @always_here(
; ALL-NEXT:    ret void
;
  ret void
}
